*------------------------------------------------------------*
User:                u59400043
Date:                April 01, 2022
Time:                14:45:20
*------------------------------------------------------------*
* Training Output
*------------------------------------------------------------*
 
 
 
 
Variable Summary
 
          Measurement    Frequency
Role         Level         Count
 
ID         INTERVAL           1
INPUT      INTERVAL          13
TARGET     INTERVAL           1
 
 
 
 
Predicted and decision variables
 
Type         Variable         Label
 
TARGET        medv
PREDICTED     P_medv     Predicted: medv
RESIDUAL      R_medv     Residual: medv


*------------------------------------------------------------*
* Score Output
*------------------------------------------------------------*


*------------------------------------------------------------*
* Report Output
*------------------------------------------------------------*
 
 
 
 
Fit Statistics
 
Target=medv Target Label=' '
 
   Fit
Statistics    Statistics Label                    Train    Validation       Test
 
 _NW_         Number of Estimated Weights         13.00          .           .
 _NOBS_       Sum of Frequencies                 202.00       202.00      102.00
 _SUMW_       Sum of Case Weights Times Freq     202.00       202.00      102.00
 _DFT_        Total Degrees of Freedom           202.00          .           .
 _DFM_        Model Degrees of Freedom            13.00          .           .
 _DFE_        Degrees of Freedom for Error       189.00          .           .
 _ASE_        Average Squared Error               15.48        64.16       76.26
 _RASE_       Root Average Squared Error           3.93         8.01        8.73
 _DIV_        Divisor for ASE                    202.00       202.00      102.00
 _SSE_        Sum of Squared Errors             3126.84     12960.16     7778.25
 _MSE_        Mean Squared Error                  16.54        64.16       76.26
 _RMSE_       Root Mean Squared Error              4.07         8.01        8.73
 _AVERR_      Average Error Function              15.48        64.16       76.26
 _ERR_        Error Function                    3126.84     12960.16     7778.25
 _MAX_        Maximum Absolute Error              19.07        29.97       28.47
 _FPE_        Final Prediction Error              17.61          .           .
 _RFPE_       Root Final Prediction Error          4.20          .           .
 _AIC_        Akaike's Information Criterion     579.38          .           .
 _SBC_        Schwarz's Bayesian Criterion       622.39          .           .
 
 
 
 
Assessment Score Rankings
 
Data Role=TRAIN Target Variable=medv Target Label=' '
 
           Number of       Mean        Mean
Depth    Observations     Target    Predicted
 
   5          13         36.9077     36.0949
  10           9         33.7000     31.3704
  15          11         32.9909     29.0697
  20           8         23.4125     26.9083
  25          10         25.6500     25.7400
  30          10         22.0300     24.9467
  35          10         24.8900     23.9933
  40          10         23.2800     23.3567
  45          10         23.0700     22.4033
  50          11         21.9091     21.9788
  55          10         20.3500     21.0200
  60          10         20.2500     20.5900
  65          10         20.3000     19.8467
  70          10         19.3600     19.0300
  75          11         17.0455     17.7485
  80           9         17.1111     15.9704
  85          10         14.3300     14.7633
  90          10         14.1500     14.1467
  95          10         13.0200     12.4867
 100          10          8.7300     10.3467
 
 
Data Role=VALIDATE Target Variable=medv Target Label=' '
 
           Number of       Mean        Mean
Depth    Observations     Target    Predicted
 
   5          11         34.1727     40.5394
  10          10         25.3600     33.0567
  15          10         26.2300     30.1433
  20          10         37.6300     28.4067
  25          13         19.4385     27.2846
  30           8         30.4625     25.9000
  35          10         25.8600     25.6700
  40           9         28.2889     24.2556
  45          10         25.1600     23.3000
  50          10         22.7100     22.4333
  55          11         22.2000     22.2121
  60          10         23.5100     21.3900
  65          11         20.8364     20.6273
  70          10         25.3800     19.7700
  75          10         19.0000     18.4500
  80          11         19.3818     17.9364
  85           8         16.8125     16.7417
  90          11         15.2091     14.5939
  95           9         11.9889     12.9815
 100          10         11.6200      9.2433
 
 
 
 
Assessment Score Distribution
 
Data Role=TRAIN Target Variable=medv Target Label=' '
 
   Range for          Mean        Mean        Number of      Model
   Predicted         Target    Predicted    Observations     Score
 
42.047 -  43.767    47.0000     43.7667           2         42.9067
38.607 -  40.327    39.3667     39.3667           3         39.4667
33.447 -  35.167    39.2000     34.2667           2         34.3067
31.727 -  33.447    31.3900     32.2700          10         32.5867
30.007 -  31.727    35.0875     30.6292           8         30.8667
28.287 -  30.007    35.2800     28.9867           5         29.1467
26.567 -  28.287    25.1889     27.5222           9         27.4267
24.847 -  26.567    23.9684     25.5193          19         25.7067
23.127 -  24.847    23.8348     23.8072          23         23.9867
21.407 -  23.127    22.0955     22.1591          22         22.2667
19.687 -  21.407    20.5333     20.6264          24         20.5467
17.967 -  19.687    19.3263     18.9667          19         18.8267
16.247 -  17.967    16.8800     17.3200          10         17.1067
14.527 -  16.247    15.5571     15.1714          14         15.3867
12.807 -  14.527    13.6500     13.9063          16         13.6667
11.087 -  12.807    11.6889     11.8926           9         11.9467
9.367 -  11.087      8.8286      9.8619           7         10.2267
 
 
Data Role=VALIDATE Target Variable=medv Target Label=' '
 
   Range for          Mean        Mean        Number of      Model
   Predicted         Target    Predicted    Observations     Score
 
41.960 -  43.767    33.1400     43.7667           5         42.8633
38.347 -  40.153    30.4333     39.3667           3         39.2500
36.540 -  38.347    29.1000     37.7333           1         37.4433
34.733 -  36.540    40.6667     35.4778           3         35.6367
32.927 -  34.733    23.9000     34.3556           3         33.8300
31.120 -  32.927    24.9500     32.0556           6         32.0233
29.313 -  31.120    25.1444     30.2519           9         30.2167
27.507 -  29.313    30.1412     28.2431          17         28.4100
25.700 -  27.507    26.4200     26.3333          15         26.6033
23.893 -  25.700    27.0105     25.0000          19         24.7967
22.087 -  23.893    23.3194     22.6344          31         22.9900
20.280 -  22.087    22.1545     20.9636          22         21.1833
18.473 -  20.280    24.9000     19.5611          12         19.3767
16.667 -  18.473    18.7409     17.9182          22         17.5700
14.860 -  16.667    14.0000     15.8000           5         15.7633
13.053 -  14.860    15.1733     14.1711          15         13.9567
11.247 -  13.053     9.5400     12.2800           5         12.1500
9.440 -  11.247     12.3500     10.2583           4         10.3433
7.633 -  9.440      10.8000      7.9800           5          8.5367
